FAIL: 004_performance_indexes_hardening.sql
FAIL: 005_ssot_violations.sql
FAIL: 006_schema_invariant_hardening.sql
FAIL: 007_validate_encoding.sql
FAIL: 021_tenants_add_city_id.sql
FAIL: 022_global_identity.sql
FAIL: 023_global_user_residence.sql
FAIL: 024_tenant_contexts.sql
FAIL: 025_tenant_default_context_permissions.sql
FAIL: 026_user_profiles.sql
FAIL: 027_user_profiles_unique_constraint.sql
FAIL: 030_allow_null_created_by_global_user.sql
FAIL: 031_public_profiles.sql
FAIL: 032_actor_registry.sql
FAIL: 033_actor_economic_identity.sql
FAIL: 034_actor_delegations.sql
FAIL: 036_actor_reputation.sql
FAIL: 038_actor_scores_penalties.sql
FAIL: 039_reviews_reputation_global_identity.sql
FAIL: 040_social_actors_extension.sql
FAIL: 041_user_education_companies.sql
FAIL: 043_company_canonical_birth.sql
FAIL: 045_organization_units.sql
FAIL: 046_company_status_and_documents.sql
FAIL: 047_company_validations.sql
FAIL: 048_business_segments.sql
FAIL: 049_company_employees.sql
FAIL: 050_company_members.sql
FAIL: 051_user_group_allocations.sql
FAIL: 052_groups_system.sql
FAIL: 053_groups.sql
FAIL: 054_groups_upgrade_v1.sql
FAIL: 055_groups_community_governance.sql
FAIL: 056_groups_financial_purpose.sql
FAIL: 057_groups_rbac_permissions.sql
FAIL: 058_organization_roles.sql
FAIL: 059_organization_members.sql
FAIL: 060_organization_invites.sql
FAIL: 061_webauthn_credentials.sql
FAIL: 063_cpf_hardening.sql
FAIL: 064_add_kyc_status_to_contacts.sql
FAIL: 065_contacts.sql
FAIL: 066_agreements.sql
FAIL: 067_trust_profiles.sql
FAIL: 070_user_referral_links.sql
FAIL: 071_company_profiles.sql
FAIL: 072_tax_profiles.sql
FAIL: 073_referral_codes.sql
FAIL: 077_referrals.sql
FAIL: 078_company_opportunity_preferences.sql
FAIL: 120_system_accounts.sql
FAIL: 121_unifybank_test_currency.sql
FAIL: 122_bank_policies.sql
FAIL: 123_bank_limit_change_requests.sql
FAIL: 124_bank_limits_read_model.sql
FAIL: 129_settlement_external.sql
FAIL: 130_ledger_entries.sql
FAIL: 131_impact_ledger.sql
FAIL: 132_loyalty_ledger.sql
FAIL: 140_payment_intents.sql
FAIL: 141_payment_methods.sql
FAIL: 143_pix_charges.sql
FAIL: 144_pix_webhook_events.sql
FAIL: 145_payment_links.sql
FAIL: 146_payment_link_payments.sql
FAIL: 150_commission_rules.sql
FAIL: 165_add_service_order_id_to_bank_splits.sql
FAIL: 168_backfill_financial_authorship.sql
FAIL: 169_add_financial_authorship_fks.sql
FAIL: 185_regional_fund_governance.sql
FAIL: 186_regional_fund_governance_patch.sql
FAIL: 187_escrow_accounts.sql
FAIL: 188_event_escrow.sql
FAIL: 189_regional_fees.sql
FAIL: 190_region_balances_read_model.sql
FAIL: 192_promotions.sql
FAIL: 193_fiscal_documents.sql
FAIL: 194_subscriptions.sql
FAIL: 195_promo_benefits.sql
FAIL: 196_add_combo_discounts.sql
FAIL: 210_accounts_payable.sql
FAIL: 211_accounts_receivable.sql
FAIL: 212_invoices.sql
FAIL: 213_payouts.sql
FAIL: 214_settlements.sql
FAIL: 215_event_settlements.sql
FAIL: 216_bank_reconciliation_history.sql
FAIL: 217_organizer_plans.sql
FAIL: 218_organizer_subscriptions.sql
FAIL: 270_add_metadata_to_transactions.sql
FAIL: 271_events_split_processed.sql
FAIL: 272_actor_debts_due_at.sql
FAIL: 273_loyalty_accounts.sql
FAIL: 274_loyalty_rules.sql
FAIL: 275_loyalty_vouchers.sql
FAIL: 276_unifywork_financial_links.sql
FAIL: 277_event_payment_authorization.sql
FAIL: 278_event_refund_chargeback.sql
FAIL: 279_event_payment_execution.sql
FAIL: 350_catalog_canonical.sql
FAIL: 351_category_core_canonical.sql
FAIL: 354_profession_skills_normalization.sql
FAIL: 355_products.sql
FAIL: 356_product_variants.sql
FAIL: 357_menus.sql
FAIL: 358_tabs.sql
FAIL: 359_tab_orders.sql
FAIL: 380_add_health_scope_to_categories.sql
FAIL: 381_extend_categories_scope_with_health.sql
FAIL: 382_health_relational_model.sql
FAIL: 390_product_prices.sql
FAIL: 400_product_categories.sql
FAIL: 401_product_attributes.sql
FAIL: 403_marketplace_domains.sql
FAIL: 405_marketplace_category_type_segments.sql
FAIL: 406_marketplace_segments_reorganization.sql
FAIL: 470_actor_category_imports.sql
FAIL: 530_backfill_catalog_categories_to_core.sql
FAIL: 531_audit_marketplace_categories.sql
FAIL: 550_schedule_universal.sql
FAIL: 551_schedule_unique_owners.sql
FAIL: 552_schedule_slots_unique.sql
FAIL: 553_schedules_event_owner.sql
FAIL: 565_services_domain.sql
FAIL: 566_expand_professional_services.sql
FAIL: 575_service_availability.sql
FAIL: 576_unified_availability.sql
FAIL: 577_availability_participants.sql
FAIL: 578_availability_conflict_inbox.sql
FAIL: 590_service_booking.sql
FAIL: 591_service_booking_decision.sql
FAIL: 592_opportunity_dispatch.sql
FAIL: 600_service_payment_request.sql
FAIL: 610_service_orders.sql
FAIL: 611_add_decision_id_to_service_orders.sql
FAIL: 612_pdv_sessions.sql
FAIL: 613_inventory_reservations.sql
FAIL: 614_suppliers.sql
FAIL: 615_inventory_movements.sql
FAIL: 616_inventory_balances.sql
FAIL: 617_inventory_lots.sql
FAIL: 618_add_lot_to_inventory_movements.sql
FAIL: 619_inventory_adjustments.sql
FAIL: 620_orders.sql
FAIL: 621_order_items.sql
FAIL: 622_order_status_history.sql
FAIL: 623_purchase_orders.sql
FAIL: 624_purchase_order_items.sql
FAIL: 625_fulfillment_orders.sql
FAIL: 626_stock_transfers.sql
FAIL: 627_stock_transfer_receipts.sql
FAIL: 628_fiscal_provider_attempts.sql
FAIL: 655_scheduled_actions.sql
FAIL: 660_service_payment_execution.sql
FAIL: 670_event_staff_commitments.sql
FAIL: 671_event_custody.sql
FAIL: 680_human_mvp_events.sql
FAIL: 681_human_mvp_service_offers.sql
FAIL: 682_human_mvp_opportunities.sql
FAIL: 683_human_mvp_event_instances.sql
FAIL: 684_add_execution_to_event_instances.sql
FAIL: 690_social_core.sql
FAIL: 691_social_groups_integration.sql
FAIL: 692_groups_social_features.sql
FAIL: 693_group_invites.sql
FAIL: 694_group_votes.sql
FAIL: 695_add_audience_description_to_groups.sql
FAIL: 696_group_invites_expiration.sql
FAIL: 710_posts_event_link.sql
FAIL: 711_reactions.sql
FAIL: 713_ensure_reactions_actor_id.sql
FAIL: 714_ensure_reactions_user_id.sql
FAIL: 721_rides_security_analytics.sql
FAIL: 750_social_inbox.sql
FAIL: 751_chat_rooms.sql
FAIL: 752_chat_messages.sql
FAIL: 753_chat_blocks.sql
FAIL: 754_chat_reports.sql
FAIL: 755_contextual_threads.sql
FAIL: 756_social_actions.sql
FAIL: 757_social_chat_intelligence.sql
FAIL: 758_social_follows.sql
FAIL: 759_social_marketplace_refs.sql
FAIL: 760_care_engine.sql
FAIL: 761_memory_engine.sql
FAIL: 770_events_core.sql
FAIL: 771_event_organizers.sql
FAIL: 772_events_canonical_contract.sql
FAIL: 773_event_attendees_canonical_contract.sql
FAIL: 774_event_specs.sql
FAIL: 775_event_spec_event_id_required.sql
FAIL: 790_events_lifecycle_extension.sql
FAIL: 791_event_consumption_status.sql
FAIL: 792_event_idempotency.sql
FAIL: 794_allow_null_event_datetimes.sql
FAIL: 795_allow_null_legacy_event_times.sql
FAIL: 796_events.sql
FAIL: 797_event_tickets.sql
FAIL: 798_ticket_sales.sql
FAIL: 799_event_commerce.sql
FAIL: 800_calendar_events.sql
FAIL: 810_event_participants.sql
FAIL: 811_check_in_check_out.sql
FAIL: 812_event_checkins.sql
FAIL: 813_presence_rsvps.sql
FAIL: 814_checkin_tokens.sql
FAIL: 815_checkins.sql
FAIL: 816_live_presence.sql
FAIL: 817_event_rsvp.sql
FAIL: 818_event_actions_log.sql
FAIL: 835_event_metrics.sql
FAIL: 836_cultural_profiles.sql
FAIL: 837_cultural_events.sql
FAIL: 838_cultural_event_checkins.sql
FAIL: 839_event_occupancy_model.sql
FAIL: 840_events_multi_actor.sql
FAIL: 841_votes_system.sql
FAIL: 842_social_economy_features.sql
FAIL: 843_social_ledger_hardening.sql
FAIL: 844_social_purpose_targeting.sql
FAIL: 845_crm_notes.sql
FAIL: 846_crm_tags.sql
FAIL: 847_crm_contact_tags.sql
FAIL: 848_crm_consents.sql
FAIL: 850_alerts.sql
FAIL: 851_publication_metadata.sql
FAIL: 852_publication_audit_log.sql
FAIL: 853_audit_events.sql
FAIL: 860_pilot_events.sql
FAIL: 861_institutional_memory.sql
FAIL: 862_pilot_invites.sql
FAIL: 863_pilot_human_observation.sql
FAIL: 864_pilot_hypotheses.sql
FAIL: 865_rides_patch_enhanced.sql
FAIL: 870_seed_learning_categories.sql
FAIL: 871_seed_marketplace_categories.sql
FAIL: 872_seed_marketplace_subcategories.sql
FAIL: 873_seed_marketplace_branches.sql
FAIL: 874_seed_marketplace_content.sql
FAIL: 875_seed_categories_level0_1.sql
FAIL: 876_seed_marketplace_segments.sql
FAIL: 900_fix_post_migration_issues.sql
FAIL: 901_consolidation_fix_all_issues.sql
FAIL: 902_consolidation_final.sql
FAIL: 921_system_notifications.sql
FAIL: 922_business_audit_logs.sql
FAIL: 924_evidence_packs.sql
FAIL: 950_policy_engine.sql
FAIL: 951_add_metadata_to_events.sql
FAIL: 952_update_event_type_constraint.sql
FAIL: 953_update_status_constraint.sql
FAIL: 980_schedule_performance_indexes.sql
FAIL: 981_marketplace_segments_fix_slugs.sql
FAIL: 982_marketplace_taxonomy_fix.sql
FAIL: 983_fix_marketplace_segments_encoding.sql
FAIL: 984_fix_reactions_entity_type_dependency.sql
