CREATE TABLE
CREATE INDEX
CREATE INDEX
COMMENT
COMMENT
COMMENT
COMMENT
COMMENT
BEGIN
CREATE EXTENSION
CREATE TABLE
CREATE TABLE
ALTER TABLE
DO
CREATE TABLE
ALTER TABLE
DO
CREATE TABLE
ALTER TABLE
DO
CREATE TABLE
ALTER TABLE
DO
CREATE TABLE
ALTER TABLE
DO
CREATE TABLE
ALTER TABLE
DO
CREATE TABLE
ALTER TABLE
DO
CREATE TABLE
ALTER TABLE
DO
CREATE INDEX
COMMIT
BEGIN
ALTER TABLE
CREATE INDEX
CREATE INDEX
CREATE FUNCTION
DROP TRIGGER
CREATE TRIGGER
DROP TRIGGER
CREATE TRIGGER
CREATE INDEX
CREATE INDEX
ALTER TABLE
ALTER TABLE
ALTER TABLE
ALTER TABLE
DO
COMMIT
CREATE FUNCTION
CREATE TABLE
COMMENT
DROP TRIGGER
CREATE TRIGGER
INSERT 0 1
BEGIN
      name       | setting 
-----------------+---------
 client_encoding | UTF8
 server_encoding | UTF8
(2 linhas)

 database_name | database_encoding 
---------------+-------------------
 unificard_dev | UTF8
(1 linha)

 schema_name | table_name | column_name 
-------------+------------+-------------
(0 linha)

CREATE EXTENSION
CREATE TABLE
ALTER TABLE
DO
CREATE INDEX
CREATE INDEX
CREATE TABLE
ALTER TABLE
DO
CREATE INDEX
CREATE INDEX
CREATE FUNCTION
DROP TRIGGER
CREATE TRIGGER
DROP TRIGGER
CREATE TRIGGER
COMMENT
COMMENT
COMMENT
BEGIN
CREATE TABLE
CREATE INDEX
CREATE INDEX
CREATE TABLE
CREATE INDEX
CREATE INDEX
CREATE INDEX
CREATE FUNCTION
DROP TRIGGER
CREATE TRIGGER
DROP TRIGGER
CREATE TRIGGER
ALTER TABLE
ALTER TABLE
DO
COMMIT
CREATE EXTENSION
CREATE TABLE
CREATE INDEX
DROP TRIGGER
CREATE TRIGGER
BEGIN
BEGIN
INSERT 0 1
ALTER TABLE
CREATE INDEX
COMMENT
ALTER TABLE
COMMENT
DO
DO
CREATE FUNCTION
CREATE FUNCTION
COMMENT
COMMENT
BEGIN
ALTER TABLE
CREATE INDEX
CREATE TABLE
CREATE INDEX
ALTER TABLE
DO
CREATE TABLE
ALTER TABLE
DO
CREATE TABLE
ALTER TABLE
DO
BEGIN
CREATE EXTENSION
CREATE TABLE
CREATE INDEX
CREATE INDEX
CREATE INDEX
CREATE TABLE
CREATE INDEX
CREATE INDEX
CREATE INDEX
CREATE INDEX
ALTER TABLE
DO
ALTER TABLE
DO
DO
DO
DO
ALTER TABLE
DO
CREATE INDEX
DO
CREATE EXTENSION
BEGIN
DO
DO
CREATE EXTENSION
BEGIN
CREATE FUNCTION
DO
DO
DO
UPDATE 0
UPDATE 0
DO
CREATE FUNCTION
DROP TRIGGER
CREATE TRIGGER
COMMENT
COMMENT
BEGIN
ALTER TABLE
CREATE INDEX
DO
DO
DO
DO
DO
ALTER TABLE
DO
ALTER TABLE
CREATE INDEX
ALTER TABLE
CREATE INDEX
COMMENT
COMMENT
DO
DO
DO
CREATE TABLE
ALTER TABLE
DO
CREATE INDEX
CREATE INDEX
CREATE TABLE
ALTER TABLE
DO
CREATE INDEX
CREATE INDEX
CREATE TABLE
ALTER TABLE
DO
CREATE INDEX
CREATE INDEX
CREATE TABLE
ALTER TABLE
DO
CREATE INDEX
CREATE INDEX
CREATE FUNCTION
CREATE FUNCTION
CREATE FUNCTION
CREATE FUNCTION
COMMENT
COMMENT
COMMENT
COMMENT
COMMENT
COMMENT
COMMENT
COMMENT
ALTER TABLE
COMMENT
ALTER TABLE
COMMENT
CREATE INDEX
COMMENT
BEGIN
DO
ALTER TABLE
COMMENT
COMMENT
COMMENT
CREATE TABLE
COMMENT
INSERT 0 3
CREATE INDEX
CREATE FUNCTION
COMMENT
COMMIT
CREATE FUNCTION
CREATE FUNCTION
BEGIN
ALTER TABLE
COMMENT
COMMENT
COMMENT
COMMENT
COMMENT
BEGIN
CREATE EXTENSION
DO
DO
DO
DO
DO
BEGIN
CREATE EXTENSION
DO
CREATE TABLE
CREATE INDEX
CREATE INDEX
ALTER TABLE
DO
COMMENT
COMMENT
COMMENT
COMMENT
COMMIT
DO
DO
DO
DO
DO
BEGIN
ALTER TABLE
CREATE INDEX
CREATE INDEX
CREATE INDEX
CREATE INDEX
ALTER TABLE
CREATE INDEX
CREATE INDEX
CREATE INDEX
CREATE INDEX
ALTER TABLE
CREATE INDEX
CREATE INDEX
CREATE INDEX
CREATE INDEX
COMMENT
COMMENT
COMMENT
COMMENT
COMMENT
COMMENT
COMMENT
COMMENT
COMMENT
COMMENT
COMMENT
COMMENT
COMMENT
COMMENT
COMMENT
COMMENT
COMMENT
COMMENT
UPDATE 0
UPDATE 0
DO
ALTER TABLE
ALTER TABLE
UPDATE 0
UPDATE 0
DO
ALTER TABLE
ALTER TABLE
UPDATE 0
UPDATE 0
DO
ALTER TABLE
ALTER TABLE
COMMENT
COMMENT
COMMENT
UPDATE 0
UPDATE 0
UPDATE 0
UPDATE 0
UPDATE 0
UPDATE 0
ALTER TABLE
ALTER TABLE
ALTER TABLE
ALTER TABLE
ALTER TABLE
ALTER TABLE
ALTER TABLE
ALTER TABLE
ALTER TABLE
COMMENT
COMMENT
COMMENT
COMMENT
COMMENT
COMMENT
DO
DO
DO
DO
BEGIN
DO
DO
DO
DO
DO
DO
DO
DO
DO
DO
DO
DO
DO
DO
DO
DO
DO
DO
DO
DO
DO
DO
DO
DO
DO
BEGIN
DO
DO
DO
DO
BEGIN
CREATE EXTENSION
BEGIN
CREATE EXTENSION
CREATE EXTENSION
CREATE FUNCTION
DO
CREATE EXTENSION
CREATE EXTENSION
CREATE TABLE
CREATE INDEX
CREATE INDEX
CREATE INDEX
CREATE INDEX
CREATE TRIGGER
CREATE TABLE
CREATE TABLE
CREATE INDEX
CREATE INDEX
CREATE INDEX
CREATE INDEX
COMMENT
COMMENT
COMMENT
BEGIN
CREATE TABLE
CREATE INDEX
CREATE INDEX
COMMENT
COMMENT
COMMENT
COMMIT
BEGIN
DO
CREATE TABLE
CREATE INDEX
CREATE INDEX
COMMENT
COMMENT
COMMENT
COMMENT
DO
CREATE EXTENSION
CREATE FUNCTION
CREATE TABLE
CREATE INDEX
CREATE INDEX
DROP TRIGGER
CREATE TRIGGER
CREATE TABLE
CREATE INDEX
CREATE INDEX
CREATE INDEX
DROP TRIGGER
CREATE TRIGGER
CREATE TABLE
CREATE INDEX
CREATE INDEX
CREATE INDEX
CREATE INDEX
DROP TRIGGER
CREATE TRIGGER
COMMENT
COMMENT
COMMENT
COMMENT
COMMENT
COMMENT
COMMENT
BEGIN
CREATE TABLE
CREATE INDEX
CREATE INDEX
CREATE INDEX
DROP TRIGGER
CREATE TRIGGER
COMMENT
COMMENT
COMMENT
DO
COMMIT
BEGIN
CREATE FUNCTION
ALTER TABLE
UPDATE 0
ALTER TABLE
ALTER TABLE
ALTER TABLE
CREATE INDEX
CREATE FUNCTION
DROP TRIGGER
CREATE TRIGGER
ALTER TABLE
UPDATE 0
ALTER TABLE
ALTER TABLE
ALTER TABLE
ALTER TABLE
ALTER TABLE
CREATE INDEX
CREATE FUNCTION
DROP TRIGGER
CREATE TRIGGER
ALTER TABLE
UPDATE 0
ALTER TABLE
ALTER TABLE
ALTER TABLE
CREATE INDEX
CREATE FUNCTION
DROP TRIGGER
CREATE TRIGGER
ALTER TABLE
UPDATE 0
ALTER TABLE
ALTER TABLE
ALTER TABLE
CREATE INDEX
CREATE FUNCTION
DROP TRIGGER
CREATE TRIGGER
COMMIT
BEGIN
CREATE TABLE
CREATE INDEX
CREATE INDEX
CREATE INDEX
CREATE INDEX
CREATE INDEX
CREATE INDEX
CREATE INDEX
DROP TRIGGER
CREATE TRIGGER
COMMENT
COMMENT
COMMENT
COMMIT
BEGIN
BEGIN
BEGIN
CREATE TABLE
ALTER TABLE
DO
CREATE INDEX
CREATE INDEX
CREATE INDEX
CREATE INDEX
CREATE INDEX
CREATE INDEX
CREATE INDEX
COMMENT
COMMENT
COMMENT
COMMENT
COMMENT
COMMENT
COMMENT
COMMENT
COMMIT
DO
DO
COMMENT
BEGIN
BEGIN
CREATE TABLE
CREATE INDEX
CREATE INDEX
CREATE INDEX
INSERT 0 0
COMMIT
BEGIN
BEGIN
BEGIN
INSERT 0 1
BEGIN
DO
DO
ALTER TABLE
ALTER TABLE
ALTER TABLE
DO
COMMENT
COMMENT
COMMENT
BEGIN
DO
DO
BEGIN
DO
DO
DO
DO
CREATE TABLE
CREATE INDEX
CREATE INDEX
CREATE INDEX
CREATE INDEX
CREATE INDEX
CREATE INDEX
CREATE FUNCTION
CREATE TRIGGER
CREATE FUNCTION
CREATE TRIGGER
BEGIN
DO
BEGIN
BEGIN
DO
BEGIN
DO
BEGIN
DO
BEGIN
DO
DO
BEGIN
DO
DO
DO
DO
DO
DO
DO
DO
DO
DO
DO
DO
DO
DO
DO
DO
DO
DO
DO
BEGIN
CREATE EXTENSION
CREATE EXTENSION
CREATE TABLE
CREATE INDEX
CREATE INDEX
CREATE INDEX
CREATE INDEX
CREATE INDEX
COMMENT
CREATE TABLE
CREATE INDEX
CREATE INDEX
COMMENT
CREATE TABLE
CREATE INDEX
CREATE INDEX
CREATE INDEX
COMMENT
CREATE TABLE
CREATE INDEX
CREATE INDEX
CREATE INDEX
CREATE INDEX
CREATE INDEX
CREATE INDEX
COMMENT
CREATE TABLE
CREATE INDEX
CREATE INDEX
CREATE INDEX
COMMENT
CREATE TABLE
CREATE INDEX
CREATE INDEX
CREATE INDEX
COMMENT
CREATE TABLE
CREATE INDEX
CREATE INDEX
CREATE INDEX
COMMENT
COMMIT
BEGIN
ALTER TABLE
DO
ALTER TABLE
DO
ALTER TABLE
DO
ALTER TABLE
DO
ALTER TABLE
DO
ALTER TABLE
DO
ALTER TABLE
DO
COMMIT
BEGIN
CREATE FUNCTION
DROP TRIGGER
CREATE TRIGGER
DROP TRIGGER
CREATE TRIGGER
DROP TRIGGER
CREATE TRIGGER
COMMIT
BEGIN
CREATE FUNCTION
COMMENT
COMMIT
CREATE TYPE
CREATE TYPE
BEGIN
DO
BEGIN
BEGIN
BEGIN
BEGIN
BEGIN
BEGIN
CREATE TABLE
CREATE INDEX
BEGIN
CREATE EXTENSION
DO
DO
CREATE EXTENSION
CREATE TABLE
CREATE INDEX
CREATE INDEX
ALTER TABLE
DO
CREATE TABLE
CREATE INDEX
ALTER TABLE
DO
CREATE EXTENSION
CREATE EXTENSION
CREATE FUNCTION
CREATE TABLE
ALTER TABLE
DO
DROP TRIGGER
CREATE TRIGGER
CREATE TABLE
ALTER TABLE
DO
DROP TRIGGER
CREATE TRIGGER
CREATE TABLE
ALTER TABLE
DO
CREATE INDEX
DROP TRIGGER
CREATE TRIGGER
CREATE TABLE
ALTER TABLE
DO
DROP TRIGGER
CREATE TRIGGER
CREATE EXTENSION
CREATE EXTENSION
CREATE FUNCTION
CREATE TABLE
ALTER TABLE
DO
DROP TRIGGER
CREATE TRIGGER
CREATE TABLE
ALTER TABLE
DO
DROP TRIGGER
CREATE TRIGGER
CREATE TABLE
ALTER TABLE
DO
DROP TRIGGER
CREATE TRIGGER
CREATE TABLE
ALTER TABLE
DO
CREATE INDEX
CREATE TABLE
ALTER TABLE
DO
CREATE INDEX
CREATE TABLE
ALTER TABLE
DO
CREATE INDEX
CREATE EXTENSION
CREATE EXTENSION
CREATE FUNCTION
CREATE TABLE
ALTER TABLE
DO
DROP TRIGGER
CREATE TRIGGER
CREATE TABLE
ALTER TABLE
DO
CREATE TABLE
ALTER TABLE
DO
DROP TRIGGER
CREATE TRIGGER
CREATE TABLE
ALTER TABLE
DO
CREATE TABLE
ALTER TABLE
DO
CREATE TABLE
ALTER TABLE
DO
DROP TRIGGER
CREATE TRIGGER
CREATE TABLE
ALTER TABLE
DO
DROP TRIGGER
CREATE TRIGGER
CREATE TABLE
ALTER TABLE
DO
CREATE TABLE
ALTER TABLE
DO
CREATE EXTENSION
CREATE TABLE
ALTER TABLE
DO
CREATE INDEX
CREATE TABLE
ALTER TABLE
DO
CREATE INDEX
CREATE INDEX
CREATE EXTENSION
CREATE FUNCTION
CREATE TABLE
CREATE INDEX
CREATE INDEX
CREATE INDEX
ALTER TABLE
DO
DROP TRIGGER
CREATE TRIGGER
COMMENT
COMMENT
BEGIN
DO
DO
DO
DO
DO
DO
DO
DO
DO
CREATE EXTENSION
CREATE EXTENSION
CREATE TABLE
CREATE INDEX
CREATE INDEX
CREATE INDEX
COMMENT
COMMENT
COMMENT
ALTER TABLE
CREATE POLICY
CREATE FUNCTION
COMMENT
DO
DO
DO
DO
DO
DO
DO
DO
CREATE EXTENSION
DO
DO
DO
DO
DO
DO
DO
DO
DO
CREATE EXTENSION
DO
DO
DO
DO
DO
DO
DO
CREATE EXTENSION
CREATE EXTENSION
CREATE FUNCTION
ALTER TABLE
CREATE TABLE
ALTER TABLE
DO
DROP TRIGGER
CREATE TRIGGER
ALTER TABLE
CREATE TABLE
CREATE INDEX
CREATE INDEX
ALTER TABLE
DO
DO
CREATE FUNCTION
CREATE FUNCTION
CREATE INDEX
DO
DO
BEGIN
BEGIN
BEGIN
BEGIN
BEGIN
BEGIN
BEGIN
DO
DO
DO
DO
DO
DO
DO
DO
DO
COMMENT
BEGIN
CREATE TABLE
CREATE INDEX
CREATE INDEX
COMMENT
CREATE TABLE
CREATE INDEX
CREATE INDEX
COMMENT
CREATE TABLE
CREATE INDEX
CREATE INDEX
COMMENT
CREATE TABLE
CREATE INDEX
CREATE INDEX
COMMENT
CREATE TABLE
CREATE INDEX
CREATE INDEX
COMMENT
CREATE TABLE
CREATE INDEX
CREATE INDEX
CREATE INDEX
COMMENT
ALTER TABLE
ALTER TABLE
ALTER TABLE
ALTER TABLE
ALTER TABLE
ALTER TABLE
CREATE POLICY
CREATE POLICY
CREATE POLICY
CREATE POLICY
CREATE POLICY
CREATE POLICY
COMMIT
DO
DO
DO
DO
DO
DO
DO
DO
DO
DO
DO
DO
CREATE TABLE
CREATE INDEX
CREATE INDEX
COMMENT
COMMENT
COMMENT
COMMENT
COMMENT
BEGIN
BEGIN
BEGIN
SET
DO
CREATE TABLE
CREATE TABLE
CREATE TABLE
CREATE TABLE
CREATE FUNCTION
COMMENT
CREATE FUNCTION
COMMENT
